[    4583ms] [ERROR] Failed to load resource: the server responded with a status of 403 (Forbidden) @ http://cloudflar.com/chronos?dune=eyJhbGciOiJBMTI4S1ciLCJlbmMiOiJBMTI4Q0JDLUhTMjU2In0.lrG300Scwgv1myF6nNJcXbwBby6HqIz6VDFJXZF1715N7qwGqivuEg.TGtP5nQ2tHrcoocA-Lsxqw.nZOKBZeh17wjsfuChfW0fhqOARi0HBqJ7__RLjf_yNqCX9CyBJEu4a-hCuhshbwHgXM1nUqkJXgdnHOmE8mAEQXmynBNvHHl4ihGsdm3bxugY4m5Hi3FwUVxY4UppJ9JVqsb3R829Z7oDDWJnTl_dW4n3BorBmvvQb5C75UHkkhnJ7qJlGwgjlp_WyVMYwU7J9iExeAYsMLf79ZO13sHSw.irD-1URLF_hA0CfAN0obXg&t=69e5968b&token=6a1536831d280e114fba40360f5ff53592ddeec3:0
[    4583ms] [ERROR] Error: Network response was not ok: Forbidden
    at http://cloudflar.com/:378:19 @ http://cloudflar.com/:399
[    4583ms] [LOG] Failure callback complete. @ http://cloudflar.com/:342
[    5803ms] [ERROR] Failed to load resource: net::ERR_FAILED @ chrome-extension://invalid/:0
[    7659ms] Error: Minified React error #418; visit https://reactjs.org/docs/error-decoder.html?invariant=418 for the full message or use the non-minified dev environment for full errors and additional helpful warnings.
    at gu (https://www.cloudflare.com/_willow/index.sGmLo0nR.js:22:4907)
    at sa (https://www.cloudflare.com/_willow/index.sGmLo0nR.js:24:45647)
    at la (https://www.cloudflare.com/_willow/index.sGmLo0nR.js:24:39783)
    at rc (https://www.cloudflare.com/_willow/index.sGmLo0nR.js:24:39756)
    at ea (https://www.cloudflare.com/_willow/index.sGmLo0nR.js:24:34775)
    at on (https://www.cloudflare.com/_willow/index.sGmLo0nR.js:9:1651)
    at MessagePort.Mn (https://www.cloudflare.com/_willow/index.sGmLo0nR.js:9:2044)
[    7659ms] Error: Minified React error #418; visit https://reactjs.org/docs/error-decoder.html?invariant=418 for the full message or use the non-minified dev environment for full errors and additional helpful warnings.
    at gu (https://www.cloudflare.com/_willow/index.sGmLo0nR.js:22:4907)
    at sa (https://www.cloudflare.com/_willow/index.sGmLo0nR.js:24:45647)
    at la (https://www.cloudflare.com/_willow/index.sGmLo0nR.js:24:39783)
    at rc (https://www.cloudflare.com/_willow/index.sGmLo0nR.js:24:39756)
    at ea (https://www.cloudflare.com/_willow/index.sGmLo0nR.js:24:34775)
    at on (https://www.cloudflare.com/_willow/index.sGmLo0nR.js:9:1651)
    at MessagePort.Mn (https://www.cloudflare.com/_willow/index.sGmLo0nR.js:9:2044)
[    7659ms] Error: Minified React error #418; visit https://reactjs.org/docs/error-decoder.html?invariant=418 for the full message or use the non-minified dev environment for full errors and additional helpful warnings.
    at gu (https://www.cloudflare.com/_willow/index.sGmLo0nR.js:22:4907)
    at sa (https://www.cloudflare.com/_willow/index.sGmLo0nR.js:24:45647)
    at la (https://www.cloudflare.com/_willow/index.sGmLo0nR.js:24:39783)
    at rc (https://www.cloudflare.com/_willow/index.sGmLo0nR.js:24:39756)
    at ea (https://www.cloudflare.com/_willow/index.sGmLo0nR.js:24:34775)
    at on (https://www.cloudflare.com/_willow/index.sGmLo0nR.js:9:1651)
    at MessagePort.Mn (https://www.cloudflare.com/_willow/index.sGmLo0nR.js:9:2044)
[    7659ms] Error: Minified React error #423; visit https://reactjs.org/docs/error-decoder.html?invariant=423 for the full message or use the non-minified dev environment for full errors and additional helpful warnings.
    at sa (https://www.cloudflare.com/_willow/index.sGmLo0nR.js:24:45307)
    at la (https://www.cloudflare.com/_willow/index.sGmLo0nR.js:24:39783)
    at tc (https://www.cloudflare.com/_willow/index.sGmLo0nR.js:24:39714)
    at ml (https://www.cloudflare.com/_willow/index.sGmLo0nR.js:24:39572)
    at li (https://www.cloudflare.com/_willow/index.sGmLo0nR.js:24:35956)
    at ea (https://www.cloudflare.com/_willow/index.sGmLo0nR.js:24:34909)
    at on (https://www.cloudflare.com/_willow/index.sGmLo0nR.js:9:1651)
    at MessagePort.Mn (https://www.cloudflare.com/_willow/index.sGmLo0nR.js:9:2044)
[   10852ms] [WARNING] The resource https://challenges.cloudflare.com/cdn-cgi/challenge-platform/h/g/cmg/1 was preloaded using link preload but not used within a few seconds from the window's load event. Please make sure it has an appropriate `as` value and it is preloaded intentionally. @ https://challenges.cloudflare.com/cdn-cgi/challenge-platform/h/g/turnstile/f/ov2/av0/rch/bckyf/0x4AAAAAAAaFLwutFA_ZjmEX/auto/fbE/new/normal?lang=auto:0
